[0.683s] Invoking command in '/home/bauya/Desktop/R3D-Planner/ros2_r3d_planner_ws/build/r3d_preprocessor': PYTHONPATH=/home/bauya/Desktop/R3D-Planner/ros2_r3d_planner_ws/build/r3d_preprocessor/prefix_override:/usr/lib/python3/dist-packages/colcon_core/task/python/colcon_distutils_commands:/home/bauya/Desktop/R3D-Planner/ros2_r3d_planner_ws/install/r3d_preprocessor/lib/python3.10/site-packages:${PYTHONPATH} /usr/bin/python3 -W ignore:setup.py install is deprecated -W ignore:easy_install command is deprecated setup.py develop --editable --build-directory /home/bauya/Desktop/R3D-Planner/ros2_r3d_planner_ws/build/r3d_preprocessor/build --no-deps symlink_data
[0.893s] running develop
[0.984s] running egg_info
[0.985s] writing r3d_preprocessor.egg-info/PKG-INFO
[0.985s] writing dependency_links to r3d_preprocessor.egg-info/dependency_links.txt
[0.985s] writing entry points to r3d_preprocessor.egg-info/entry_points.txt
[0.985s] writing requirements to r3d_preprocessor.egg-info/requires.txt
[0.985s] writing top-level names to r3d_preprocessor.egg-info/top_level.txt
[0.986s] reading manifest file 'r3d_preprocessor.egg-info/SOURCES.txt'
[0.987s] writing manifest file 'r3d_preprocessor.egg-info/SOURCES.txt'
[0.988s] running build_ext
[0.988s] Creating /home/bauya/Desktop/R3D-Planner/ros2_r3d_planner_ws/install/r3d_preprocessor/lib/python3.10/site-packages/r3d-preprocessor.egg-link (link to .)
[0.988s] Installing pcd_server script to /home/bauya/Desktop/R3D-Planner/ros2_r3d_planner_ws/install/r3d_preprocessor/lib/r3d_preprocessor
[0.988s] Installing pcd_to_graph script to /home/bauya/Desktop/R3D-Planner/ros2_r3d_planner_ws/install/r3d_preprocessor/lib/r3d_preprocessor
[0.988s] Installing voxel_map_publisher script to /home/bauya/Desktop/R3D-Planner/ros2_r3d_planner_ws/install/r3d_preprocessor/lib/r3d_preprocessor
[0.988s] 
[0.988s] Installed /home/bauya/Desktop/R3D-Planner/ros2_r3d_planner_ws/build/r3d_preprocessor
[0.988s] running symlink_data
[0.989s] symbolically linking /home/bauya/Desktop/R3D-Planner/ros2_r3d_planner_ws/build/r3d_preprocessor/maps/nav_graph_step20_voxel10_dens8_minpts2_tol0.050.pkl -> /home/bauya/Desktop/R3D-Planner/ros2_r3d_planner_ws/install/r3d_preprocessor/share/r3d_preprocessor/maps
[1.012s] Invoked command in '/home/bauya/Desktop/R3D-Planner/ros2_r3d_planner_ws/build/r3d_preprocessor' returned '0': PYTHONPATH=/home/bauya/Desktop/R3D-Planner/ros2_r3d_planner_ws/build/r3d_preprocessor/prefix_override:/usr/lib/python3/dist-packages/colcon_core/task/python/colcon_distutils_commands:/home/bauya/Desktop/R3D-Planner/ros2_r3d_planner_ws/install/r3d_preprocessor/lib/python3.10/site-packages:${PYTHONPATH} /usr/bin/python3 -W ignore:setup.py install is deprecated -W ignore:easy_install command is deprecated setup.py develop --editable --build-directory /home/bauya/Desktop/R3D-Planner/ros2_r3d_planner_ws/build/r3d_preprocessor/build --no-deps symlink_data
