running develop
Removing /home/bauya/Desktop/R3D-Planner/ros2_r3d_planner_ws/install/r3d_preprocessor/lib/python3.10/site-packages/r3d-preprocessor.egg-link (link to .)
running egg_info
writing ../../build/r3d_preprocessor/r3d_preprocessor.egg-info/PKG-INFO
writing dependency_links to ../../build/r3d_preprocessor/r3d_preprocessor.egg-info/dependency_links.txt
writing entry points to ../../build/r3d_preprocessor/r3d_preprocessor.egg-info/entry_points.txt
writing requirements to ../../build/r3d_preprocessor/r3d_preprocessor.egg-info/requires.txt
writing top-level names to ../../build/r3d_preprocessor/r3d_preprocessor.egg-info/top_level.txt
reading manifest file '../../build/r3d_preprocessor/r3d_preprocessor.egg-info/SOURCES.txt'
writing manifest file '../../build/r3d_preprocessor/r3d_preprocessor.egg-info/SOURCES.txt'
running build
running build_py
copying r3d_preprocessor/r3d_pcd_to_graph.py -> /home/bauya/Desktop/R3D-Planner/ros2_r3d_planner_ws/build/r3d_preprocessor/build/lib/r3d_preprocessor
copying r3d_preprocessor/r3d_voxel_map_publisher.py -> /home/bauya/Desktop/R3D-Planner/ros2_r3d_planner_ws/build/r3d_preprocessor/build/lib/r3d_preprocessor
running install
running install_lib
creating /home/bauya/Desktop/R3D-Planner/ros2_r3d_planner_ws/install/r3d_preprocessor/lib/python3.10/site-packages/r3d_preprocessor
copying /home/bauya/Desktop/R3D-Planner/ros2_r3d_planner_ws/build/r3d_preprocessor/build/lib/r3d_preprocessor/r3d_pcd_publisher.py -> /home/bauya/Desktop/R3D-Planner/ros2_r3d_planner_ws/install/r3d_preprocessor/lib/python3.10/site-packages/r3d_preprocessor
copying /home/bauya/Desktop/R3D-Planner/ros2_r3d_planner_ws/build/r3d_preprocessor/build/lib/r3d_preprocessor/r3d_pcd_to_graph.py -> /home/bauya/Desktop/R3D-Planner/ros2_r3d_planner_ws/install/r3d_preprocessor/lib/python3.10/site-packages/r3d_preprocessor
copying /home/bauya/Desktop/R3D-Planner/ros2_r3d_planner_ws/build/r3d_preprocessor/build/lib/r3d_preprocessor/__init__.py -> /home/bauya/Desktop/R3D-Planner/ros2_r3d_planner_ws/install/r3d_preprocessor/lib/python3.10/site-packages/r3d_preprocessor
copying /home/bauya/Desktop/R3D-Planner/ros2_r3d_planner_ws/build/r3d_preprocessor/build/lib/r3d_preprocessor/r3d_voxel_map_publisher.py -> /home/bauya/Desktop/R3D-Planner/ros2_r3d_planner_ws/install/r3d_preprocessor/lib/python3.10/site-packages/r3d_preprocessor
byte-compiling /home/bauya/Desktop/R3D-Planner/ros2_r3d_planner_ws/install/r3d_preprocessor/lib/python3.10/site-packages/r3d_preprocessor/r3d_pcd_publisher.py to r3d_pcd_publisher.cpython-310.pyc
byte-compiling /home/bauya/Desktop/R3D-Planner/ros2_r3d_planner_ws/install/r3d_preprocessor/lib/python3.10/site-packages/r3d_preprocessor/r3d_pcd_to_graph.py to r3d_pcd_to_graph.cpython-310.pyc
byte-compiling /home/bauya/Desktop/R3D-Planner/ros2_r3d_planner_ws/install/r3d_preprocessor/lib/python3.10/site-packages/r3d_preprocessor/__init__.py to __init__.cpython-310.pyc
byte-compiling /home/bauya/Desktop/R3D-Planner/ros2_r3d_planner_ws/install/r3d_preprocessor/lib/python3.10/site-packages/r3d_preprocessor/r3d_voxel_map_publisher.py to r3d_voxel_map_publisher.cpython-310.pyc
running install_data
copying resource/r3d_preprocessor -> /home/bauya/Desktop/R3D-Planner/ros2_r3d_planner_ws/install/r3d_preprocessor/share/ament_index/resource_index/packages
copying package.xml -> /home/bauya/Desktop/R3D-Planner/ros2_r3d_planner_ws/install/r3d_preprocessor/share/r3d_preprocessor
running install_egg_info
Copying ../../build/r3d_preprocessor/r3d_preprocessor.egg-info to /home/bauya/Desktop/R3D-Planner/ros2_r3d_planner_ws/install/r3d_preprocessor/lib/python3.10/site-packages/r3d_preprocessor-0.0.1-py3.10.egg-info
running install_scripts
Installing pcd_server script to /home/bauya/Desktop/R3D-Planner/ros2_r3d_planner_ws/install/r3d_preprocessor/lib/r3d_preprocessor
Installing pcd_to_graph script to /home/bauya/Desktop/R3D-Planner/ros2_r3d_planner_ws/install/r3d_preprocessor/lib/r3d_preprocessor
Installing voxel_map_publisher script to /home/bauya/Desktop/R3D-Planner/ros2_r3d_planner_ws/install/r3d_preprocessor/lib/r3d_preprocessor
writing list of installed files to '/home/bauya/Desktop/R3D-Planner/ros2_r3d_planner_ws/build/r3d_preprocessor/install.log'
