running develop
running egg_info
creating r3d_planner.egg-info
writing r3d_planner.egg-info/PKG-INFO
writing dependency_links to r3d_planner.egg-info/dependency_links.txt
writing entry points to r3d_planner.egg-info/entry_points.txt
writing requirements to r3d_planner.egg-info/requires.txt
writing top-level names to r3d_planner.egg-info/top_level.txt
writing manifest file 'r3d_planner.egg-info/SOURCES.txt'
reading manifest file 'r3d_planner.egg-info/SOURCES.txt'
writing manifest file 'r3d_planner.egg-info/SOURCES.txt'
running build_ext
Creating /home/bauya/Desktop/R3D-Planner/ros2_r3d_planner_ws/install/r3d_planner/lib/python3.10/site-packages/r3d-planner.egg-link (link to .)
Installing global_planner script to /home/bauya/Desktop/R3D-Planner/ros2_r3d_planner_ws/install/r3d_planner/lib/r3d_planner
Installing local_filter script to /home/bauya/Desktop/R3D-Planner/ros2_r3d_planner_ws/install/r3d_planner/lib/r3d_planner

Installed /home/bauya/Desktop/R3D-Planner/ros2_r3d_planner_ws/build/r3d_planner
running symlink_data
creating /home/bauya/Desktop/R3D-Planner/ros2_r3d_planner_ws/install/r3d_planner/share/ament_index
creating /home/bauya/Desktop/R3D-Planner/ros2_r3d_planner_ws/install/r3d_planner/share/ament_index/resource_index
creating /home/bauya/Desktop/R3D-Planner/ros2_r3d_planner_ws/install/r3d_planner/share/ament_index/resource_index/packages
symbolically linking /home/bauya/Desktop/R3D-Planner/ros2_r3d_planner_ws/build/r3d_planner/resource/r3d_planner -> /home/bauya/Desktop/R3D-Planner/ros2_r3d_planner_ws/install/r3d_planner/share/ament_index/resource_index/packages
symbolically linking /home/bauya/Desktop/R3D-Planner/ros2_r3d_planner_ws/build/r3d_planner/package.xml -> /home/bauya/Desktop/R3D-Planner/ros2_r3d_planner_ws/install/r3d_planner/share/r3d_planner
creating /home/bauya/Desktop/R3D-Planner/ros2_r3d_planner_ws/install/r3d_planner/share/r3d_planner/config
symbolically linking /home/bauya/Desktop/R3D-Planner/ros2_r3d_planner_ws/build/r3d_planner/config/r3d_planner_params.yaml -> /home/bauya/Desktop/R3D-Planner/ros2_r3d_planner_ws/install/r3d_planner/share/r3d_planner/config
