[0.470s] Invoking command in '/home/bauya/Desktop/R3D-Planner/ros2_r3d_planner_ws/build/r3d_planner': PYTHONPATH=/home/bauya/Desktop/R3D-Planner/ros2_r3d_planner_ws/build/r3d_planner/prefix_override:/usr/lib/python3/dist-packages/colcon_core/task/python/colcon_distutils_commands:/home/bauya/Desktop/R3D-Planner/ros2_r3d_planner_ws/install/r3d_planner/lib/python3.10/site-packages:${PYTHONPATH} /usr/bin/python3 -W ignore:setup.py install is deprecated -W ignore:easy_install command is deprecated setup.py develop --uninstall --editable --build-directory /home/bauya/Desktop/R3D-Planner/ros2_r3d_planner_ws/build/r3d_planner/build
[0.676s] running develop
[0.764s] Removing /home/bauya/Desktop/R3D-Planner/ros2_r3d_planner_ws/install/r3d_planner/lib/python3.10/site-packages/r3d-planner.egg-link (link to .)
[0.781s] Invoked command in '/home/bauya/Desktop/R3D-Planner/ros2_r3d_planner_ws/build/r3d_planner' returned '0': PYTHONPATH=/home/bauya/Desktop/R3D-Planner/ros2_r3d_planner_ws/build/r3d_planner/prefix_override:/usr/lib/python3/dist-packages/colcon_core/task/python/colcon_distutils_commands:/home/bauya/Desktop/R3D-Planner/ros2_r3d_planner_ws/install/r3d_planner/lib/python3.10/site-packages:${PYTHONPATH} /usr/bin/python3 -W ignore:setup.py install is deprecated -W ignore:easy_install command is deprecated setup.py develop --uninstall --editable --build-directory /home/bauya/Desktop/R3D-Planner/ros2_r3d_planner_ws/build/r3d_planner/build
[0.783s] Invoking command in '/home/bauya/Desktop/R3D-Planner/ros2_r3d_planner_ws/src/r3d_planner': PYTHONPATH=/home/bauya/Desktop/R3D-Planner/ros2_r3d_planner_ws/build/r3d_planner/prefix_override:/usr/lib/python3/dist-packages/colcon_core/task/python/colcon_distutils_commands:/home/bauya/Desktop/R3D-Planner/ros2_r3d_planner_ws/install/r3d_planner/lib/python3.10/site-packages:${PYTHONPATH} /usr/bin/python3 -W ignore:setup.py install is deprecated -W ignore:easy_install command is deprecated setup.py egg_info --egg-base ../../build/r3d_planner build --build-base /home/bauya/Desktop/R3D-Planner/ros2_r3d_planner_ws/build/r3d_planner/build install --record /home/bauya/Desktop/R3D-Planner/ros2_r3d_planner_ws/build/r3d_planner/install.log --single-version-externally-managed install_data --force
[0.975s] running egg_info
[0.975s] writing ../../build/r3d_planner/r3d_planner.egg-info/PKG-INFO
[0.975s] writing dependency_links to ../../build/r3d_planner/r3d_planner.egg-info/dependency_links.txt
[0.975s] writing entry points to ../../build/r3d_planner/r3d_planner.egg-info/entry_points.txt
[0.976s] writing requirements to ../../build/r3d_planner/r3d_planner.egg-info/requires.txt
[0.976s] writing top-level names to ../../build/r3d_planner/r3d_planner.egg-info/top_level.txt
[0.976s] reading manifest file '../../build/r3d_planner/r3d_planner.egg-info/SOURCES.txt'
[0.977s] writing manifest file '../../build/r3d_planner/r3d_planner.egg-info/SOURCES.txt'
[0.977s] running build
[0.978s] running build_py
[0.978s] creating /home/bauya/Desktop/R3D-Planner/ros2_r3d_planner_ws/build/r3d_planner/build
[0.978s] creating /home/bauya/Desktop/R3D-Planner/ros2_r3d_planner_ws/build/r3d_planner/build/lib
[0.978s] creating /home/bauya/Desktop/R3D-Planner/ros2_r3d_planner_ws/build/r3d_planner/build/lib/r3d_planner
[0.978s] copying r3d_planner/r3d_global_planner.py -> /home/bauya/Desktop/R3D-Planner/ros2_r3d_planner_ws/build/r3d_planner/build/lib/r3d_planner
[0.978s] copying r3d_planner/r3d_local_filter.py -> /home/bauya/Desktop/R3D-Planner/ros2_r3d_planner_ws/build/r3d_planner/build/lib/r3d_planner
[0.978s] copying r3d_planner/r3d_path_follower.py -> /home/bauya/Desktop/R3D-Planner/ros2_r3d_planner_ws/build/r3d_planner/build/lib/r3d_planner
[0.978s] copying r3d_planner/__init__.py -> /home/bauya/Desktop/R3D-Planner/ros2_r3d_planner_ws/build/r3d_planner/build/lib/r3d_planner
[0.978s] running install
[0.978s] running install_lib
[0.978s] creating /home/bauya/Desktop/R3D-Planner/ros2_r3d_planner_ws/install/r3d_planner/lib/python3.10/site-packages/r3d_planner
[0.979s] copying /home/bauya/Desktop/R3D-Planner/ros2_r3d_planner_ws/build/r3d_planner/build/lib/r3d_planner/r3d_global_planner.py -> /home/bauya/Desktop/R3D-Planner/ros2_r3d_planner_ws/install/r3d_planner/lib/python3.10/site-packages/r3d_planner
[0.979s] copying /home/bauya/Desktop/R3D-Planner/ros2_r3d_planner_ws/build/r3d_planner/build/lib/r3d_planner/r3d_local_filter.py -> /home/bauya/Desktop/R3D-Planner/ros2_r3d_planner_ws/install/r3d_planner/lib/python3.10/site-packages/r3d_planner
[0.979s] copying /home/bauya/Desktop/R3D-Planner/ros2_r3d_planner_ws/build/r3d_planner/build/lib/r3d_planner/r3d_path_follower.py -> /home/bauya/Desktop/R3D-Planner/ros2_r3d_planner_ws/install/r3d_planner/lib/python3.10/site-packages/r3d_planner
[0.979s] copying /home/bauya/Desktop/R3D-Planner/ros2_r3d_planner_ws/build/r3d_planner/build/lib/r3d_planner/__init__.py -> /home/bauya/Desktop/R3D-Planner/ros2_r3d_planner_ws/install/r3d_planner/lib/python3.10/site-packages/r3d_planner
[0.979s] byte-compiling /home/bauya/Desktop/R3D-Planner/ros2_r3d_planner_ws/install/r3d_planner/lib/python3.10/site-packages/r3d_planner/r3d_global_planner.py to r3d_global_planner.cpython-310.pyc
[0.980s] byte-compiling /home/bauya/Desktop/R3D-Planner/ros2_r3d_planner_ws/install/r3d_planner/lib/python3.10/site-packages/r3d_planner/r3d_local_filter.py to r3d_local_filter.cpython-310.pyc
[0.981s] byte-compiling /home/bauya/Desktop/R3D-Planner/ros2_r3d_planner_ws/install/r3d_planner/lib/python3.10/site-packages/r3d_planner/r3d_path_follower.py to r3d_path_follower.cpython-310.pyc
[0.981s] byte-compiling /home/bauya/Desktop/R3D-Planner/ros2_r3d_planner_ws/install/r3d_planner/lib/python3.10/site-packages/r3d_planner/__init__.py to __init__.cpython-310.pyc
[0.981s] running install_data
[0.981s] copying resource/r3d_planner -> /home/bauya/Desktop/R3D-Planner/ros2_r3d_planner_ws/install/r3d_planner/share/ament_index/resource_index/packages
[0.981s] copying package.xml -> /home/bauya/Desktop/R3D-Planner/ros2_r3d_planner_ws/install/r3d_planner/share/r3d_planner
[0.981s] copying config/r3d_planner_params.yaml -> /home/bauya/Desktop/R3D-Planner/ros2_r3d_planner_ws/install/r3d_planner/share/r3d_planner/config
[0.982s] running install_egg_info
[0.983s] Copying ../../build/r3d_planner/r3d_planner.egg-info to /home/bauya/Desktop/R3D-Planner/ros2_r3d_planner_ws/install/r3d_planner/lib/python3.10/site-packages/r3d_planner-0.0.1-py3.10.egg-info
[0.983s] running install_scripts
[0.999s] Installing global_planner script to /home/bauya/Desktop/R3D-Planner/ros2_r3d_planner_ws/install/r3d_planner/lib/r3d_planner
[0.999s] Installing local_filter script to /home/bauya/Desktop/R3D-Planner/ros2_r3d_planner_ws/install/r3d_planner/lib/r3d_planner
[0.999s] Installing path_follower script to /home/bauya/Desktop/R3D-Planner/ros2_r3d_planner_ws/install/r3d_planner/lib/r3d_planner
[0.999s] writing list of installed files to '/home/bauya/Desktop/R3D-Planner/ros2_r3d_planner_ws/build/r3d_planner/install.log'
[1.016s] Invoked command in '/home/bauya/Desktop/R3D-Planner/ros2_r3d_planner_ws/src/r3d_planner' returned '0': PYTHONPATH=/home/bauya/Desktop/R3D-Planner/ros2_r3d_planner_ws/build/r3d_planner/prefix_override:/usr/lib/python3/dist-packages/colcon_core/task/python/colcon_distutils_commands:/home/bauya/Desktop/R3D-Planner/ros2_r3d_planner_ws/install/r3d_planner/lib/python3.10/site-packages:${PYTHONPATH} /usr/bin/python3 -W ignore:setup.py install is deprecated -W ignore:easy_install command is deprecated setup.py egg_info --egg-base ../../build/r3d_planner build --build-base /home/bauya/Desktop/R3D-Planner/ros2_r3d_planner_ws/build/r3d_planner/build install --record /home/bauya/Desktop/R3D-Planner/ros2_r3d_planner_ws/build/r3d_planner/install.log --single-version-externally-managed install_data --force
