[0.543s] Invoking command in '/home/bauya/Desktop/R3D-Planner/ros2_r3d_planner_ws/build/r3d_planner': PYTHONPATH=/home/bauya/Desktop/R3D-Planner/ros2_r3d_planner_ws/build/r3d_planner/prefix_override:/usr/lib/python3/dist-packages/colcon_core/task/python/colcon_distutils_commands:/home/bauya/Desktop/R3D-Planner/ros2_r3d_planner_ws/install/r3d_planner/lib/python3.10/site-packages:${PYTHONPATH} /usr/bin/python3 -W ignore:setup.py install is deprecated -W ignore:easy_install command is deprecated setup.py develop --editable --build-directory /home/bauya/Desktop/R3D-Planner/ros2_r3d_planner_ws/build/r3d_planner/build --no-deps symlink_data
[0.703s] running develop
[0.729s] /usr/lib/python3/dist-packages/pkg_resources/__init__.py:116: PkgResourcesDeprecationWarning: 1.12.1-git20200711.33e2d80-dfsg1-0.6 is an invalid version and will not be supported in a future release
[0.729s]   warnings.warn(
[0.773s] running egg_info
[0.773s] writing r3d_planner.egg-info/PKG-INFO
[0.773s] writing dependency_links to r3d_planner.egg-info/dependency_links.txt
[0.773s] writing entry points to r3d_planner.egg-info/entry_points.txt
[0.773s] writing requirements to r3d_planner.egg-info/requires.txt
[0.773s] writing top-level names to r3d_planner.egg-info/top_level.txt
[0.774s] reading manifest file 'r3d_planner.egg-info/SOURCES.txt'
[0.774s] writing manifest file 'r3d_planner.egg-info/SOURCES.txt'
[0.790s] running build_ext
[0.790s] Creating /home/bauya/Desktop/R3D-Planner/ros2_r3d_planner_ws/install/r3d_planner/lib/python3.10/site-packages/r3d-planner.egg-link (link to .)
[0.790s] Installing global_planner script to /home/bauya/Desktop/R3D-Planner/ros2_r3d_planner_ws/install/r3d_planner/lib/r3d_planner
[0.791s] Installing local_filter script to /home/bauya/Desktop/R3D-Planner/ros2_r3d_planner_ws/install/r3d_planner/lib/r3d_planner
[0.791s] Installing path_follower script to /home/bauya/Desktop/R3D-Planner/ros2_r3d_planner_ws/install/r3d_planner/lib/r3d_planner
[0.791s] Installing path_test script to /home/bauya/Desktop/R3D-Planner/ros2_r3d_planner_ws/install/r3d_planner/lib/r3d_planner
[0.791s] Installing pcd_path_planner script to /home/bauya/Desktop/R3D-Planner/ros2_r3d_planner_ws/install/r3d_planner/lib/r3d_planner
[0.791s] Installing rviz_interface script to /home/bauya/Desktop/R3D-Planner/ros2_r3d_planner_ws/install/r3d_planner/lib/r3d_planner
[0.791s] 
[0.791s] Installed /home/bauya/Desktop/R3D-Planner/ros2_r3d_planner_ws/build/r3d_planner
[0.791s] running symlink_data
[0.819s] Invoked command in '/home/bauya/Desktop/R3D-Planner/ros2_r3d_planner_ws/build/r3d_planner' returned '0': PYTHONPATH=/home/bauya/Desktop/R3D-Planner/ros2_r3d_planner_ws/build/r3d_planner/prefix_override:/usr/lib/python3/dist-packages/colcon_core/task/python/colcon_distutils_commands:/home/bauya/Desktop/R3D-Planner/ros2_r3d_planner_ws/install/r3d_planner/lib/python3.10/site-packages:${PYTHONPATH} /usr/bin/python3 -W ignore:setup.py install is deprecated -W ignore:easy_install command is deprecated setup.py develop --editable --build-directory /home/bauya/Desktop/R3D-Planner/ros2_r3d_planner_ws/build/r3d_planner/build --no-deps symlink_data
