running develop
Removing /home/bauya/Desktop/R3D-Planner/ros2_r3d_planner_ws/install/r3d_planner/lib/python3.10/site-packages/r3d-planner.egg-link (link to .)
running egg_info
writing ../../build/r3d_planner/r3d_planner.egg-info/PKG-INFO
writing dependency_links to ../../build/r3d_planner/r3d_planner.egg-info/dependency_links.txt
writing entry points to ../../build/r3d_planner/r3d_planner.egg-info/entry_points.txt
writing requirements to ../../build/r3d_planner/r3d_planner.egg-info/requires.txt
writing top-level names to ../../build/r3d_planner/r3d_planner.egg-info/top_level.txt
reading manifest file '../../build/r3d_planner/r3d_planner.egg-info/SOURCES.txt'
writing manifest file '../../build/r3d_planner/r3d_planner.egg-info/SOURCES.txt'
running build
running build_py
copying r3d_planner/r3d_global_planner.py -> /home/bauya/Desktop/R3D-Planner/ros2_r3d_planner_ws/build/r3d_planner/build/lib/r3d_planner
copying r3d_planner/r3d_path_follower.py -> /home/bauya/Desktop/R3D-Planner/ros2_r3d_planner_ws/build/r3d_planner/build/lib/r3d_planner
copying r3d_planner/r3d_rviz_interface.py -> /home/bauya/Desktop/R3D-Planner/ros2_r3d_planner_ws/build/r3d_planner/build/lib/r3d_planner
running install
running install_lib
creating /home/bauya/Desktop/R3D-Planner/ros2_r3d_planner_ws/install/r3d_planner/lib/python3.10/site-packages/r3d_planner
copying /home/bauya/Desktop/R3D-Planner/ros2_r3d_planner_ws/build/r3d_planner/build/lib/r3d_planner/r3d_global_planner.py -> /home/bauya/Desktop/R3D-Planner/ros2_r3d_planner_ws/install/r3d_planner/lib/python3.10/site-packages/r3d_planner
copying /home/bauya/Desktop/R3D-Planner/ros2_r3d_planner_ws/build/r3d_planner/build/lib/r3d_planner/r3d_local_filter.py -> /home/bauya/Desktop/R3D-Planner/ros2_r3d_planner_ws/install/r3d_planner/lib/python3.10/site-packages/r3d_planner
copying /home/bauya/Desktop/R3D-Planner/ros2_r3d_planner_ws/build/r3d_planner/build/lib/r3d_planner/r3d_path_follower.py -> /home/bauya/Desktop/R3D-Planner/ros2_r3d_planner_ws/install/r3d_planner/lib/python3.10/site-packages/r3d_planner
copying /home/bauya/Desktop/R3D-Planner/ros2_r3d_planner_ws/build/r3d_planner/build/lib/r3d_planner/__init__.py -> /home/bauya/Desktop/R3D-Planner/ros2_r3d_planner_ws/install/r3d_planner/lib/python3.10/site-packages/r3d_planner
copying /home/bauya/Desktop/R3D-Planner/ros2_r3d_planner_ws/build/r3d_planner/build/lib/r3d_planner/r3d_rviz_interface.py -> /home/bauya/Desktop/R3D-Planner/ros2_r3d_planner_ws/install/r3d_planner/lib/python3.10/site-packages/r3d_planner
byte-compiling /home/bauya/Desktop/R3D-Planner/ros2_r3d_planner_ws/install/r3d_planner/lib/python3.10/site-packages/r3d_planner/r3d_global_planner.py to r3d_global_planner.cpython-310.pyc
byte-compiling /home/bauya/Desktop/R3D-Planner/ros2_r3d_planner_ws/install/r3d_planner/lib/python3.10/site-packages/r3d_planner/r3d_local_filter.py to r3d_local_filter.cpython-310.pyc
byte-compiling /home/bauya/Desktop/R3D-Planner/ros2_r3d_planner_ws/install/r3d_planner/lib/python3.10/site-packages/r3d_planner/r3d_path_follower.py to r3d_path_follower.cpython-310.pyc
byte-compiling /home/bauya/Desktop/R3D-Planner/ros2_r3d_planner_ws/install/r3d_planner/lib/python3.10/site-packages/r3d_planner/__init__.py to __init__.cpython-310.pyc
byte-compiling /home/bauya/Desktop/R3D-Planner/ros2_r3d_planner_ws/install/r3d_planner/lib/python3.10/site-packages/r3d_planner/r3d_rviz_interface.py to r3d_rviz_interface.cpython-310.pyc
running install_data
copying resource/r3d_planner -> /home/bauya/Desktop/R3D-Planner/ros2_r3d_planner_ws/install/r3d_planner/share/ament_index/resource_index/packages
copying package.xml -> /home/bauya/Desktop/R3D-Planner/ros2_r3d_planner_ws/install/r3d_planner/share/r3d_planner
copying config/r3d_planner_params.yaml -> /home/bauya/Desktop/R3D-Planner/ros2_r3d_planner_ws/install/r3d_planner/share/r3d_planner/config
running install_egg_info
Copying ../../build/r3d_planner/r3d_planner.egg-info to /home/bauya/Desktop/R3D-Planner/ros2_r3d_planner_ws/install/r3d_planner/lib/python3.10/site-packages/r3d_planner-0.0.1-py3.10.egg-info
running install_scripts
Installing global_planner script to /home/bauya/Desktop/R3D-Planner/ros2_r3d_planner_ws/install/r3d_planner/lib/r3d_planner
Installing local_filter script to /home/bauya/Desktop/R3D-Planner/ros2_r3d_planner_ws/install/r3d_planner/lib/r3d_planner
Installing path_follower script to /home/bauya/Desktop/R3D-Planner/ros2_r3d_planner_ws/install/r3d_planner/lib/r3d_planner
Installing rviz_interface script to /home/bauya/Desktop/R3D-Planner/ros2_r3d_planner_ws/install/r3d_planner/lib/r3d_planner
writing list of installed files to '/home/bauya/Desktop/R3D-Planner/ros2_r3d_planner_ws/build/r3d_planner/install.log'
