running develop
running egg_info
creating r3d_preprocessor.egg-info
writing r3d_preprocessor.egg-info/PKG-INFO
writing dependency_links to r3d_preprocessor.egg-info/dependency_links.txt
writing entry points to r3d_preprocessor.egg-info/entry_points.txt
writing requirements to r3d_preprocessor.egg-info/requires.txt
writing top-level names to r3d_preprocessor.egg-info/top_level.txt
writing manifest file 'r3d_preprocessor.egg-info/SOURCES.txt'
reading manifest file 'r3d_preprocessor.egg-info/SOURCES.txt'
writing manifest file 'r3d_preprocessor.egg-info/SOURCES.txt'
running build_ext
Creating /home/bauya/Desktop/R3D-Planner/ros2_r3d_planner_ws/install/r3d_preprocessor/lib/python3.10/site-packages/r3d-preprocessor.egg-link (link to .)
Installing pcd_server script to /home/bauya/Desktop/R3D-Planner/ros2_r3d_planner_ws/install/r3d_preprocessor/lib/r3d_preprocessor
Installing pcd_to_graph script to /home/bauya/Desktop/R3D-Planner/ros2_r3d_planner_ws/install/r3d_preprocessor/lib/r3d_preprocessor
Installing voxel_map_publisher script to /home/bauya/Desktop/R3D-Planner/ros2_r3d_planner_ws/install/r3d_preprocessor/lib/r3d_preprocessor

Installed /home/bauya/Desktop/R3D-Planner/ros2_r3d_planner_ws/build/r3d_preprocessor
running symlink_data
creating /home/bauya/Desktop/R3D-Planner/ros2_r3d_planner_ws/install/r3d_preprocessor/share/ament_index
creating /home/bauya/Desktop/R3D-Planner/ros2_r3d_planner_ws/install/r3d_preprocessor/share/ament_index/resource_index
creating /home/bauya/Desktop/R3D-Planner/ros2_r3d_planner_ws/install/r3d_preprocessor/share/ament_index/resource_index/packages
symbolically linking /home/bauya/Desktop/R3D-Planner/ros2_r3d_planner_ws/build/r3d_preprocessor/resource/r3d_preprocessor -> /home/bauya/Desktop/R3D-Planner/ros2_r3d_planner_ws/install/r3d_preprocessor/share/ament_index/resource_index/packages
symbolically linking /home/bauya/Desktop/R3D-Planner/ros2_r3d_planner_ws/build/r3d_preprocessor/package.xml -> /home/bauya/Desktop/R3D-Planner/ros2_r3d_planner_ws/install/r3d_preprocessor/share/r3d_preprocessor
creating /home/bauya/Desktop/R3D-Planner/ros2_r3d_planner_ws/install/r3d_preprocessor/share/r3d_preprocessor/maps
symbolically linking /home/bauya/Desktop/R3D-Planner/ros2_r3d_planner_ws/build/r3d_preprocessor/maps/LIO_test1_converted_3.pkl -> /home/bauya/Desktop/R3D-Planner/ros2_r3d_planner_ws/install/r3d_preprocessor/share/r3d_preprocessor/maps
symbolically linking /home/bauya/Desktop/R3D-Planner/ros2_r3d_planner_ws/build/r3d_preprocessor/maps/LIO_test2_converted_1.pkl -> /home/bauya/Desktop/R3D-Planner/ros2_r3d_planner_ws/install/r3d_preprocessor/share/r3d_preprocessor/maps
symbolically linking /home/bauya/Desktop/R3D-Planner/ros2_r3d_planner_ws/build/r3d_preprocessor/maps/LIO_test2_converted_2.pkl -> /home/bauya/Desktop/R3D-Planner/ros2_r3d_planner_ws/install/r3d_preprocessor/share/r3d_preprocessor/maps
symbolically linking /home/bauya/Desktop/R3D-Planner/ros2_r3d_planner_ws/build/r3d_preprocessor/maps/LIO_test1_converted_2.pkl -> /home/bauya/Desktop/R3D-Planner/ros2_r3d_planner_ws/install/r3d_preprocessor/share/r3d_preprocessor/maps
symbolically linking /home/bauya/Desktop/R3D-Planner/ros2_r3d_planner_ws/build/r3d_preprocessor/maps/LIO_test1_converted_1.pkl -> /home/bauya/Desktop/R3D-Planner/ros2_r3d_planner_ws/install/r3d_preprocessor/share/r3d_preprocessor/maps
symbolically linking /home/bauya/Desktop/R3D-Planner/ros2_r3d_planner_ws/build/r3d_preprocessor/maps/LIO_test2_converted_3.pkl -> /home/bauya/Desktop/R3D-Planner/ros2_r3d_planner_ws/install/r3d_preprocessor/share/r3d_preprocessor/maps
symbolically linking /home/bauya/Desktop/R3D-Planner/ros2_r3d_planner_ws/build/r3d_preprocessor/maps/nav_graph.pkl -> /home/bauya/Desktop/R3D-Planner/ros2_r3d_planner_ws/install/r3d_preprocessor/share/r3d_preprocessor/maps
symbolically linking /home/bauya/Desktop/R3D-Planner/ros2_r3d_planner_ws/build/r3d_preprocessor/maps/HomeLab_test2_LIO.pcd -> /home/bauya/Desktop/R3D-Planner/ros2_r3d_planner_ws/install/r3d_preprocessor/share/r3d_preprocessor/maps
symbolically linking /home/bauya/Desktop/R3D-Planner/ros2_r3d_planner_ws/build/r3d_preprocessor/maps/map_1.pcd -> /home/bauya/Desktop/R3D-Planner/ros2_r3d_planner_ws/install/r3d_preprocessor/share/r3d_preprocessor/maps
symbolically linking /home/bauya/Desktop/R3D-Planner/ros2_r3d_planner_ws/build/r3d_preprocessor/maps/HomeLab_test1_LIO.pcd -> /home/bauya/Desktop/R3D-Planner/ros2_r3d_planner_ws/install/r3d_preprocessor/share/r3d_preprocessor/maps
