[0.673s] Invoking command in '/home/bauya/Desktop/R3D-Planner/ros2_r3d_planner_ws/build/r3d_preprocessor': PYTHONPATH=/home/bauya/Desktop/R3D-Planner/ros2_r3d_planner_ws/build/r3d_preprocessor/prefix_override:/usr/lib/python3/dist-packages/colcon_core/task/python/colcon_distutils_commands:/home/bauya/Desktop/R3D-Planner/ros2_r3d_planner_ws/install/r3d_preprocessor/lib/python3.10/site-packages:${PYTHONPATH} /usr/bin/python3 -W ignore:setup.py install is deprecated -W ignore:easy_install command is deprecated setup.py develop --editable --build-directory /home/bauya/Desktop/R3D-Planner/ros2_r3d_planner_ws/build/r3d_preprocessor/build --no-deps symlink_data
[0.879s] running develop
[0.965s] running egg_info
[0.965s] creating r3d_preprocessor.egg-info
[0.965s] writing r3d_preprocessor.egg-info/PKG-INFO
[0.965s] writing dependency_links to r3d_preprocessor.egg-info/dependency_links.txt
[0.965s] writing entry points to r3d_preprocessor.egg-info/entry_points.txt
[0.966s] writing requirements to r3d_preprocessor.egg-info/requires.txt
[0.966s] writing top-level names to r3d_preprocessor.egg-info/top_level.txt
[0.966s] writing manifest file 'r3d_preprocessor.egg-info/SOURCES.txt'
[0.966s] reading manifest file 'r3d_preprocessor.egg-info/SOURCES.txt'
[0.967s] writing manifest file 'r3d_preprocessor.egg-info/SOURCES.txt'
[0.968s] running build_ext
[0.968s] Creating /home/bauya/Desktop/R3D-Planner/ros2_r3d_planner_ws/install/r3d_preprocessor/lib/python3.10/site-packages/r3d-preprocessor.egg-link (link to .)
[0.968s] Installing pcd_server script to /home/bauya/Desktop/R3D-Planner/ros2_r3d_planner_ws/install/r3d_preprocessor/lib/r3d_preprocessor
[0.968s] Installing pcd_to_graph script to /home/bauya/Desktop/R3D-Planner/ros2_r3d_planner_ws/install/r3d_preprocessor/lib/r3d_preprocessor
[0.968s] Installing voxel_map_publisher script to /home/bauya/Desktop/R3D-Planner/ros2_r3d_planner_ws/install/r3d_preprocessor/lib/r3d_preprocessor
[0.968s] 
[0.968s] Installed /home/bauya/Desktop/R3D-Planner/ros2_r3d_planner_ws/build/r3d_preprocessor
[0.968s] running symlink_data
[0.968s] creating /home/bauya/Desktop/R3D-Planner/ros2_r3d_planner_ws/install/r3d_preprocessor/share/ament_index
[0.969s] creating /home/bauya/Desktop/R3D-Planner/ros2_r3d_planner_ws/install/r3d_preprocessor/share/ament_index/resource_index
[0.969s] creating /home/bauya/Desktop/R3D-Planner/ros2_r3d_planner_ws/install/r3d_preprocessor/share/ament_index/resource_index/packages
[0.969s] symbolically linking /home/bauya/Desktop/R3D-Planner/ros2_r3d_planner_ws/build/r3d_preprocessor/resource/r3d_preprocessor -> /home/bauya/Desktop/R3D-Planner/ros2_r3d_planner_ws/install/r3d_preprocessor/share/ament_index/resource_index/packages
[0.969s] symbolically linking /home/bauya/Desktop/R3D-Planner/ros2_r3d_planner_ws/build/r3d_preprocessor/package.xml -> /home/bauya/Desktop/R3D-Planner/ros2_r3d_planner_ws/install/r3d_preprocessor/share/r3d_preprocessor
[0.969s] creating /home/bauya/Desktop/R3D-Planner/ros2_r3d_planner_ws/install/r3d_preprocessor/share/r3d_preprocessor/maps
[0.969s] symbolically linking /home/bauya/Desktop/R3D-Planner/ros2_r3d_planner_ws/build/r3d_preprocessor/maps/LIO_test1_converted_3.pkl -> /home/bauya/Desktop/R3D-Planner/ros2_r3d_planner_ws/install/r3d_preprocessor/share/r3d_preprocessor/maps
[0.969s] symbolically linking /home/bauya/Desktop/R3D-Planner/ros2_r3d_planner_ws/build/r3d_preprocessor/maps/LIO_test2_converted_1.pkl -> /home/bauya/Desktop/R3D-Planner/ros2_r3d_planner_ws/install/r3d_preprocessor/share/r3d_preprocessor/maps
[0.969s] symbolically linking /home/bauya/Desktop/R3D-Planner/ros2_r3d_planner_ws/build/r3d_preprocessor/maps/LIO_test2_converted_2.pkl -> /home/bauya/Desktop/R3D-Planner/ros2_r3d_planner_ws/install/r3d_preprocessor/share/r3d_preprocessor/maps
[0.969s] symbolically linking /home/bauya/Desktop/R3D-Planner/ros2_r3d_planner_ws/build/r3d_preprocessor/maps/LIO_test1_converted_2.pkl -> /home/bauya/Desktop/R3D-Planner/ros2_r3d_planner_ws/install/r3d_preprocessor/share/r3d_preprocessor/maps
[0.969s] symbolically linking /home/bauya/Desktop/R3D-Planner/ros2_r3d_planner_ws/build/r3d_preprocessor/maps/LIO_test1_converted_1.pkl -> /home/bauya/Desktop/R3D-Planner/ros2_r3d_planner_ws/install/r3d_preprocessor/share/r3d_preprocessor/maps
[0.969s] symbolically linking /home/bauya/Desktop/R3D-Planner/ros2_r3d_planner_ws/build/r3d_preprocessor/maps/LIO_test2_converted_3.pkl -> /home/bauya/Desktop/R3D-Planner/ros2_r3d_planner_ws/install/r3d_preprocessor/share/r3d_preprocessor/maps
[0.969s] symbolically linking /home/bauya/Desktop/R3D-Planner/ros2_r3d_planner_ws/build/r3d_preprocessor/maps/nav_graph.pkl -> /home/bauya/Desktop/R3D-Planner/ros2_r3d_planner_ws/install/r3d_preprocessor/share/r3d_preprocessor/maps
[0.969s] symbolically linking /home/bauya/Desktop/R3D-Planner/ros2_r3d_planner_ws/build/r3d_preprocessor/maps/HomeLab_test2_LIO.pcd -> /home/bauya/Desktop/R3D-Planner/ros2_r3d_planner_ws/install/r3d_preprocessor/share/r3d_preprocessor/maps
[0.969s] symbolically linking /home/bauya/Desktop/R3D-Planner/ros2_r3d_planner_ws/build/r3d_preprocessor/maps/map_1.pcd -> /home/bauya/Desktop/R3D-Planner/ros2_r3d_planner_ws/install/r3d_preprocessor/share/r3d_preprocessor/maps
[0.969s] symbolically linking /home/bauya/Desktop/R3D-Planner/ros2_r3d_planner_ws/build/r3d_preprocessor/maps/HomeLab_test1_LIO.pcd -> /home/bauya/Desktop/R3D-Planner/ros2_r3d_planner_ws/install/r3d_preprocessor/share/r3d_preprocessor/maps
[0.998s] Invoked command in '/home/bauya/Desktop/R3D-Planner/ros2_r3d_planner_ws/build/r3d_preprocessor' returned '0': PYTHONPATH=/home/bauya/Desktop/R3D-Planner/ros2_r3d_planner_ws/build/r3d_preprocessor/prefix_override:/usr/lib/python3/dist-packages/colcon_core/task/python/colcon_distutils_commands:/home/bauya/Desktop/R3D-Planner/ros2_r3d_planner_ws/install/r3d_preprocessor/lib/python3.10/site-packages:${PYTHONPATH} /usr/bin/python3 -W ignore:setup.py install is deprecated -W ignore:easy_install command is deprecated setup.py develop --editable --build-directory /home/bauya/Desktop/R3D-Planner/ros2_r3d_planner_ws/build/r3d_preprocessor/build --no-deps symlink_data
