[0.670s] Invoking command in '/home/bauya/Desktop/R3D-Planner/ros2_r3d_planner_ws/build/r3d_planner': PYTHONPATH=/home/bauya/Desktop/R3D-Planner/ros2_r3d_planner_ws/build/r3d_planner/prefix_override:/usr/lib/python3/dist-packages/colcon_core/task/python/colcon_distutils_commands:/home/bauya/Desktop/R3D-Planner/ros2_r3d_planner_ws/install/r3d_planner/lib/python3.10/site-packages:${PYTHONPATH} /usr/bin/python3 -W ignore:setup.py install is deprecated -W ignore:easy_install command is deprecated setup.py develop --editable --build-directory /home/bauya/Desktop/R3D-Planner/ros2_r3d_planner_ws/build/r3d_planner/build --no-deps symlink_data
[0.874s] running develop
[0.962s] running egg_info
[0.962s] writing r3d_planner.egg-info/PKG-INFO
[0.962s] writing dependency_links to r3d_planner.egg-info/dependency_links.txt
[0.962s] writing entry points to r3d_planner.egg-info/entry_points.txt
[0.962s] writing requirements to r3d_planner.egg-info/requires.txt
[0.962s] writing top-level names to r3d_planner.egg-info/top_level.txt
[0.963s] reading manifest file 'r3d_planner.egg-info/SOURCES.txt'
[0.963s] writing manifest file 'r3d_planner.egg-info/SOURCES.txt'
[0.964s] running build_ext
[0.964s] Creating /home/bauya/Desktop/R3D-Planner/ros2_r3d_planner_ws/install/r3d_planner/lib/python3.10/site-packages/r3d-planner.egg-link (link to .)
[0.965s] Installing global_planner script to /home/bauya/Desktop/R3D-Planner/ros2_r3d_planner_ws/install/r3d_planner/lib/r3d_planner
[0.965s] Installing local_filter script to /home/bauya/Desktop/R3D-Planner/ros2_r3d_planner_ws/install/r3d_planner/lib/r3d_planner
[0.965s] Installing path_follower script to /home/bauya/Desktop/R3D-Planner/ros2_r3d_planner_ws/install/r3d_planner/lib/r3d_planner
[0.965s] Installing rviz_interface script to /home/bauya/Desktop/R3D-Planner/ros2_r3d_planner_ws/install/r3d_planner/lib/r3d_planner
[0.965s] 
[0.965s] Installed /home/bauya/Desktop/R3D-Planner/ros2_r3d_planner_ws/build/r3d_planner
[0.965s] running symlink_data
[0.988s] Invoked command in '/home/bauya/Desktop/R3D-Planner/ros2_r3d_planner_ws/build/r3d_planner' returned '0': PYTHONPATH=/home/bauya/Desktop/R3D-Planner/ros2_r3d_planner_ws/build/r3d_planner/prefix_override:/usr/lib/python3/dist-packages/colcon_core/task/python/colcon_distutils_commands:/home/bauya/Desktop/R3D-Planner/ros2_r3d_planner_ws/install/r3d_planner/lib/python3.10/site-packages:${PYTHONPATH} /usr/bin/python3 -W ignore:setup.py install is deprecated -W ignore:easy_install command is deprecated setup.py develop --editable --build-directory /home/bauya/Desktop/R3D-Planner/ros2_r3d_planner_ws/build/r3d_planner/build --no-deps symlink_data
