[0.376s] Invoking command in '/home/bauya/Desktop/R3D-Planner/ros2_r3d_planner_ws/build/r3d_preprocessor': PYTHONPATH=/home/bauya/Desktop/R3D-Planner/ros2_r3d_planner_ws/build/r3d_preprocessor/prefix_override:/usr/lib/python3/dist-packages/colcon_core/task/python/colcon_distutils_commands:/home/bauya/Desktop/R3D-Planner/ros2_r3d_planner_ws/install/r3d_preprocessor/lib/python3.10/site-packages:${PYTHONPATH} /usr/bin/python3 -W ignore:setup.py install is deprecated -W ignore:easy_install command is deprecated setup.py develop --editable --build-directory /home/bauya/Desktop/R3D-Planner/ros2_r3d_planner_ws/build/r3d_preprocessor/build --no-deps symlink_data
[0.536s] running develop
[0.561s] /usr/lib/python3/dist-packages/pkg_resources/__init__.py:116: PkgResourcesDeprecationWarning: 1.12.1-git20200711.33e2d80-dfsg1-0.6 is an invalid version and will not be supported in a future release
[0.561s]   warnings.warn(
[0.605s] running egg_info
[0.606s] writing r3d_preprocessor.egg-info/PKG-INFO
[0.606s] writing dependency_links to r3d_preprocessor.egg-info/dependency_links.txt
[0.606s] writing entry points to r3d_preprocessor.egg-info/entry_points.txt
[0.606s] writing requirements to r3d_preprocessor.egg-info/requires.txt
[0.606s] writing top-level names to r3d_preprocessor.egg-info/top_level.txt
[0.606s] reading manifest file 'r3d_preprocessor.egg-info/SOURCES.txt'
[0.607s] writing manifest file 'r3d_preprocessor.egg-info/SOURCES.txt'
[0.623s] running build_ext
[0.623s] Creating /home/bauya/Desktop/R3D-Planner/ros2_r3d_planner_ws/install/r3d_preprocessor/lib/python3.10/site-packages/r3d-preprocessor.egg-link (link to .)
[0.623s] Installing pcd_analyser script to /home/bauya/Desktop/R3D-Planner/ros2_r3d_planner_ws/install/r3d_preprocessor/lib/r3d_preprocessor
[0.624s] Installing pcd_server script to /home/bauya/Desktop/R3D-Planner/ros2_r3d_planner_ws/install/r3d_preprocessor/lib/r3d_preprocessor
[0.624s] Installing pcd_to_graph script to /home/bauya/Desktop/R3D-Planner/ros2_r3d_planner_ws/install/r3d_preprocessor/lib/r3d_preprocessor
[0.624s] Installing voxel_map_publisher script to /home/bauya/Desktop/R3D-Planner/ros2_r3d_planner_ws/install/r3d_preprocessor/lib/r3d_preprocessor
[0.624s] 
[0.624s] Installed /home/bauya/Desktop/R3D-Planner/ros2_r3d_planner_ws/build/r3d_preprocessor
[0.624s] running symlink_data
[0.645s] Invoked command in '/home/bauya/Desktop/R3D-Planner/ros2_r3d_planner_ws/build/r3d_preprocessor' returned '0': PYTHONPATH=/home/bauya/Desktop/R3D-Planner/ros2_r3d_planner_ws/build/r3d_preprocessor/prefix_override:/usr/lib/python3/dist-packages/colcon_core/task/python/colcon_distutils_commands:/home/bauya/Desktop/R3D-Planner/ros2_r3d_planner_ws/install/r3d_preprocessor/lib/python3.10/site-packages:${PYTHONPATH} /usr/bin/python3 -W ignore:setup.py install is deprecated -W ignore:easy_install command is deprecated setup.py develop --editable --build-directory /home/bauya/Desktop/R3D-Planner/ros2_r3d_planner_ws/build/r3d_preprocessor/build --no-deps symlink_data
